grammar: text.html.basic

=== input ===
<div id="x">
  <style>.x { color: red; }</style>
  <script>const n = 1;</script>
</div>

=== tokens ===
"<" text.html.basic keyword.operator.relational.ts
"div" text.html.basic variable.other.readwrite.ts
" " text.html.basic
"id" text.html.basic variable.other.readwrite.ts
"=" text.html.basic keyword.operator.assignment.ts
"\"" text.html.basic string.quoted.double.ts punctuation.definition.string.begin.ts
"x" text.html.basic string.quoted.double.ts variable.other.readwrite.ts
"\"" text.html.basic string.quoted.double.ts punctuation.definition.string.end.ts
">" text.html.basic keyword.operator.relational.ts
⏎
"  " text.html.basic punctuation.whitespace.embedded.leading.html
"<" text.html.basic keyword.operator.relational.ts
"style" text.html.basic variable.other.readwrite.ts
">" text.html.basic keyword.operator.relational.ts
"." text.html.basic punctuation.accessor.ts
"x" text.html.basic variable.other.property.ts
" { " text.html.basic
"color" text.html.basic variable.other.readwrite.ts
": " text.html.basic
"red" text.html.basic variable.other.readwrite.ts
";" text.html.basic punctuation.terminator.statement.ts
" }" text.html.basic
"<" text.html.basic keyword.operator.relational.ts
"/" text.html.basic keyword.operator.arithmetic.ts
"style" text.html.basic variable.other.readwrite.ts
">" text.html.basic keyword.operator.relational.ts
⏎
"  " text.html.basic punctuation.whitespace.embedded.leading.html
"<" text.html.basic keyword.operator.relational.ts
"script" text.html.basic variable.other.readwrite.ts
">" text.html.basic keyword.operator.relational.ts
"const" text.html.basic variable.other.readwrite.ts
" " text.html.basic
"n" text.html.basic variable.other.readwrite.ts
" " text.html.basic
"=" text.html.basic keyword.operator.assignment.ts
" " text.html.basic
"1" text.html.basic constant.numeric.decimal.ts
";" text.html.basic punctuation.terminator.statement.ts
"<" text.html.basic keyword.operator.relational.ts
"/" text.html.basic keyword.operator.arithmetic.ts
"script" text.html.basic variable.other.readwrite.ts
">" text.html.basic keyword.operator.relational.ts
⏎
"<" text.html.basic keyword.operator.relational.ts
"/" text.html.basic keyword.operator.arithmetic.ts
"div" text.html.basic variable.other.readwrite.ts
">" text.html.basic keyword.operator.relational.ts
⏎
