grammar: source.java

=== input ===
package app;

public class Main {
    public static void main(String[] args) {
        int n = 42;
        System.out.println("n=" + n);
    }
}

=== tokens ===
"package" source.java meta.package.java keyword.other.package.java
" " source.java meta.package.java
"app" source.java meta.package.java
";" source.java meta.package.java punctuation.terminator.java
⏎
⏎
"public" source.java meta.class.java storage.modifier.java
" " source.java meta.class.java
"class" source.java meta.class.java meta.class.identifier.java storage.modifier.java
" " source.java meta.class.java meta.class.identifier.java
"Main" source.java meta.class.java meta.class.identifier.java entity.name.type.class.java
" " source.java meta.class.java
"{" source.java meta.class.java punctuation.section.class.begin.bracket.curly.java
⏎
"    " source.java meta.class.java
"public" source.java meta.class.java meta.method.java storage.modifier.java
" " source.java meta.class.java meta.method.java
"static" source.java meta.class.java meta.method.java storage.modifier.java
" " source.java meta.class.java meta.method.java
"void" source.java meta.class.java meta.method.java meta.method.return-type.java storage.type.primitive.java
" " source.java meta.class.java meta.method.java
"main" source.java meta.class.java meta.method.java meta.method.identifier.java entity.name.function.java
"(" source.java meta.class.java meta.method.java meta.method.identifier.java punctuation.definition.parameters.begin.bracket.round.java
"String" source.java meta.class.java meta.method.java meta.method.identifier.java storage.type.object.array.java
"[" source.java meta.class.java meta.method.java meta.method.identifier.java punctuation.bracket.square.java
"]" source.java meta.class.java meta.method.java meta.method.identifier.java punctuation.bracket.square.java
" " source.java meta.class.java meta.method.java meta.method.identifier.java
"args" source.java meta.class.java meta.method.java meta.method.identifier.java variable.parameter.java
")" source.java meta.class.java meta.method.java meta.method.identifier.java punctuation.definition.parameters.end.bracket.round.java
" " source.java meta.class.java meta.method.java
"{" source.java meta.class.java meta.method.java punctuation.section.method.begin.bracket.curly.java
⏎
"        " source.java meta.class.java meta.method.java
"int" source.java meta.class.java meta.method.java meta.definition.variable.java storage.type.primitive.java
" " source.java meta.class.java meta.method.java meta.definition.variable.java
"n" source.java meta.class.java meta.method.java meta.definition.variable.java variable.other.definition.java
" " source.java meta.class.java meta.method.java meta.definition.variable.java
"=" source.java meta.class.java meta.method.java keyword.operator.assignment.java
" " source.java meta.class.java meta.method.java
"42" source.java meta.class.java meta.method.java constant.numeric.decimal.java
";" source.java meta.class.java meta.method.java punctuation.terminator.java
⏎
"        " source.java meta.class.java meta.method.java
"System" source.java meta.class.java meta.method.java variable.other.object.java
"." source.java meta.class.java meta.method.java punctuation.separator.period.java
"out" source.java meta.class.java meta.method.java variable.other.object.property.java
"." source.java meta.class.java meta.method.java meta.method-call.java punctuation.separator.period.java
"println" source.java meta.class.java meta.method.java meta.method-call.java entity.name.function.java
"(" source.java meta.class.java meta.method.java meta.method-call.java punctuation.definition.parameters.begin.bracket.round.java
"\"" source.java meta.class.java meta.method.java meta.method-call.java string.quoted.double.java punctuation.definition.string.begin.java
"n=" source.java meta.class.java meta.method.java meta.method-call.java string.quoted.double.java
"\"" source.java meta.class.java meta.method.java meta.method-call.java string.quoted.double.java punctuation.definition.string.end.java
" " source.java meta.class.java meta.method.java meta.method-call.java
"+" source.java meta.class.java meta.method.java meta.method-call.java keyword.operator.arithmetic.java
" n" source.java meta.class.java meta.method.java meta.method-call.java
")" source.java meta.class.java meta.method.java meta.method-call.java punctuation.definition.parameters.end.bracket.round.java
";" source.java meta.class.java meta.method.java punctuation.terminator.java
⏎
"    " source.java meta.class.java meta.method.java
"}" source.java meta.class.java meta.method.java punctuation.section.method.end.bracket.curly.java
⏎
"}" source.java meta.class.java punctuation.section.class.end.bracket.curly.java
⏎
