grammar: source.json

=== input ===
{
  "name": "jaune",
  "nums": [1, 2.5, true, null]
}

=== tokens ===
"{" source.json meta.structure.dictionary.json punctuation.definition.dictionary.begin.json
⏎
"  " source.json meta.structure.dictionary.json
"\"" source.json meta.structure.dictionary.json string.json support.type.property-name.json punctuation.support.type.property-name.begin.json
"name" source.json meta.structure.dictionary.json string.json support.type.property-name.json
"\"" source.json meta.structure.dictionary.json string.json support.type.property-name.json punctuation.support.type.property-name.end.json
":" source.json meta.structure.dictionary.json meta.structure.dictionary.value.json punctuation.separator.dictionary.key-value.json
" " source.json meta.structure.dictionary.json meta.structure.dictionary.value.json
"\"" source.json meta.structure.dictionary.json meta.structure.dictionary.value.json string.quoted.double.json punctuation.definition.string.begin.json
"jaune" source.json meta.structure.dictionary.json meta.structure.dictionary.value.json string.quoted.double.json
"\"" source.json meta.structure.dictionary.json meta.structure.dictionary.value.json string.quoted.double.json punctuation.definition.string.end.json
"," source.json meta.structure.dictionary.json meta.structure.dictionary.value.json punctuation.separator.dictionary.pair.json
⏎
"  " source.json meta.structure.dictionary.json
"\"" source.json meta.structure.dictionary.json string.json support.type.property-name.json punctuation.support.type.property-name.begin.json
"nums" source.json meta.structure.dictionary.json string.json support.type.property-name.json
"\"" source.json meta.structure.dictionary.json string.json support.type.property-name.json punctuation.support.type.property-name.end.json
":" source.json meta.structure.dictionary.json meta.structure.dictionary.value.json punctuation.separator.dictionary.key-value.json
" " source.json meta.structure.dictionary.json meta.structure.dictionary.value.json
"[" source.json meta.structure.dictionary.json meta.structure.dictionary.value.json meta.structure.array.json punctuation.definition.array.begin.json
"1" source.json meta.structure.dictionary.json meta.structure.dictionary.value.json meta.structure.array.json constant.numeric.json
"," source.json meta.structure.dictionary.json meta.structure.dictionary.value.json meta.structure.array.json punctuation.separator.array.json
" " source.json meta.structure.dictionary.json meta.structure.dictionary.value.json meta.structure.array.json
"2.5" source.json meta.structure.dictionary.json meta.structure.dictionary.value.json meta.structure.array.json constant.numeric.json
"," source.json meta.structure.dictionary.json meta.structure.dictionary.value.json meta.structure.array.json punctuation.separator.array.json
" " source.json meta.structure.dictionary.json meta.structure.dictionary.value.json meta.structure.array.json
"true" source.json meta.structure.dictionary.json meta.structure.dictionary.value.json meta.structure.array.json constant.language.json
"," source.json meta.structure.dictionary.json meta.structure.dictionary.value.json meta.structure.array.json punctuation.separator.array.json
" " source.json meta.structure.dictionary.json meta.structure.dictionary.value.json meta.structure.array.json
"null" source.json meta.structure.dictionary.json meta.structure.dictionary.value.json meta.structure.array.json constant.language.json
"]" source.json meta.structure.dictionary.json meta.structure.dictionary.value.json meta.structure.array.json punctuation.definition.array.end.json
⏎
"}" source.json meta.structure.dictionary.json punctuation.definition.dictionary.end.json
⏎
