grammar: source.js.jsx

=== input ===
const App = () => (
  <div className="app">
    <Button onClick={handle}>Go {count}</Button>
  </div>
);

=== tokens ===
"const" source.js.jsx meta.var.expr.js.jsx storage.type.js.jsx
" " source.js.jsx meta.var.expr.js.jsx
"App" source.js.jsx meta.var.expr.js.jsx meta.var-single-variable.expr.js.jsx meta.definition.variable.js.jsx variable.other.constant.js.jsx entity.name.function.js.jsx
" " source.js.jsx meta.var.expr.js.jsx meta.var-single-variable.expr.js.jsx
"=" source.js.jsx meta.var.expr.js.jsx keyword.operator.assignment.js.jsx
" " source.js.jsx meta.var.expr.js.jsx meta.arrow.js.jsx
"(" source.js.jsx meta.var.expr.js.jsx meta.arrow.js.jsx meta.parameters.js.jsx punctuation.definition.parameters.begin.js.jsx
")" source.js.jsx meta.var.expr.js.jsx meta.arrow.js.jsx meta.parameters.js.jsx punctuation.definition.parameters.end.js.jsx
" " source.js.jsx meta.var.expr.js.jsx meta.arrow.js.jsx
"=>" source.js.jsx meta.var.expr.js.jsx meta.arrow.js.jsx storage.type.function.arrow.js.jsx
" " source.js.jsx meta.var.expr.js.jsx meta.arrow.js.jsx
"(" source.js.jsx meta.var.expr.js.jsx meta.arrow.js.jsx meta.brace.round.js.jsx
⏎
"  " source.js.jsx meta.var.expr.js.jsx meta.arrow.js.jsx
"<" source.js.jsx meta.var.expr.js.jsx meta.arrow.js.jsx meta.tag.js.jsx punctuation.definition.tag.begin.js.jsx
"div" source.js.jsx meta.var.expr.js.jsx meta.arrow.js.jsx meta.tag.js.jsx entity.name.tag.js.jsx
" " source.js.jsx meta.var.expr.js.jsx meta.arrow.js.jsx meta.tag.js.jsx meta.tag.attributes.js.jsx
"className" source.js.jsx meta.var.expr.js.jsx meta.arrow.js.jsx meta.tag.js.jsx meta.tag.attributes.js.jsx entity.other.attribute-name.js.jsx
"=" source.js.jsx meta.var.expr.js.jsx meta.arrow.js.jsx meta.tag.js.jsx meta.tag.attributes.js.jsx keyword.operator.assignment.js.jsx
"\"" source.js.jsx meta.var.expr.js.jsx meta.arrow.js.jsx meta.tag.js.jsx meta.tag.attributes.js.jsx string.quoted.double.js.jsx punctuation.definition.string.begin.js.jsx
"app" source.js.jsx meta.var.expr.js.jsx meta.arrow.js.jsx meta.tag.js.jsx meta.tag.attributes.js.jsx string.quoted.double.js.jsx
"\"" source.js.jsx meta.var.expr.js.jsx meta.arrow.js.jsx meta.tag.js.jsx meta.tag.attributes.js.jsx string.quoted.double.js.jsx punctuation.definition.string.end.js.jsx
">" source.js.jsx meta.var.expr.js.jsx meta.arrow.js.jsx meta.tag.js.jsx punctuation.definition.tag.end.js.jsx
⏎
"    " source.js.jsx meta.var.expr.js.jsx meta.arrow.js.jsx meta.tag.js.jsx
"<" source.js.jsx meta.var.expr.js.jsx meta.arrow.js.jsx meta.tag.js.jsx meta.tag.js.jsx punctuation.definition.tag.begin.js.jsx
"Button" source.js.jsx meta.var.expr.js.jsx meta.arrow.js.jsx meta.tag.js.jsx meta.tag.js.jsx entity.name.tag.js.jsx support.class.component.js.jsx
" " source.js.jsx meta.var.expr.js.jsx meta.arrow.js.jsx meta.tag.js.jsx meta.tag.js.jsx meta.tag.attributes.js.jsx
"onClick" source.js.jsx meta.var.expr.js.jsx meta.arrow.js.jsx meta.tag.js.jsx meta.tag.js.jsx meta.tag.attributes.js.jsx entity.other.attribute-name.js.jsx
"=" source.js.jsx meta.var.expr.js.jsx meta.arrow.js.jsx meta.tag.js.jsx meta.tag.js.jsx meta.tag.attributes.js.jsx keyword.operator.assignment.js.jsx
"{" source.js.jsx meta.var.expr.js.jsx meta.arrow.js.jsx meta.tag.js.jsx meta.tag.js.jsx meta.tag.attributes.js.jsx punctuation.section.embedded.begin.js.jsx
"handle" source.js.jsx meta.var.expr.js.jsx meta.arrow.js.jsx meta.tag.js.jsx meta.tag.js.jsx meta.tag.attributes.js.jsx variable.other.readwrite.js.jsx
"}" source.js.jsx meta.var.expr.js.jsx meta.arrow.js.jsx meta.tag.js.jsx meta.tag.js.jsx meta.tag.attributes.js.jsx punctuation.section.embedded.end.js.jsx
">" source.js.jsx meta.var.expr.js.jsx meta.arrow.js.jsx meta.tag.js.jsx meta.tag.js.jsx punctuation.definition.tag.end.js.jsx
"Go " source.js.jsx meta.var.expr.js.jsx meta.arrow.js.jsx meta.tag.js.jsx meta.tag.js.jsx
"{" source.js.jsx meta.var.expr.js.jsx meta.arrow.js.jsx meta.tag.js.jsx meta.tag.js.jsx punctuation.section.embedded.begin.js.jsx
"count" source.js.jsx meta.var.expr.js.jsx meta.arrow.js.jsx meta.tag.js.jsx meta.tag.js.jsx variable.other.readwrite.js.jsx
"}" source.js.jsx meta.var.expr.js.jsx meta.arrow.js.jsx meta.tag.js.jsx meta.tag.js.jsx punctuation.section.embedded.end.js.jsx
"</" source.js.jsx meta.var.expr.js.jsx meta.arrow.js.jsx meta.tag.js.jsx meta.tag.js.jsx punctuation.definition.tag.begin.js.jsx
"Button" source.js.jsx meta.var.expr.js.jsx meta.arrow.js.jsx meta.tag.js.jsx meta.tag.js.jsx entity.name.tag.js.jsx support.class.component.js.jsx
">" source.js.jsx meta.var.expr.js.jsx meta.arrow.js.jsx meta.tag.js.jsx meta.tag.js.jsx punctuation.definition.tag.end.js.jsx
⏎
"  " source.js.jsx meta.var.expr.js.jsx meta.arrow.js.jsx meta.tag.js.jsx
"</" source.js.jsx meta.var.expr.js.jsx meta.arrow.js.jsx meta.tag.js.jsx punctuation.definition.tag.begin.js.jsx
"div" source.js.jsx meta.var.expr.js.jsx meta.arrow.js.jsx meta.tag.js.jsx entity.name.tag.js.jsx
">" source.js.jsx meta.var.expr.js.jsx meta.arrow.js.jsx meta.tag.js.jsx punctuation.definition.tag.end.js.jsx
⏎
")" source.js.jsx meta.var.expr.js.jsx meta.arrow.js.jsx meta.brace.round.js.jsx
";" source.js.jsx punctuation.terminator.statement.js.jsx
⏎
