grammar: source.python

=== input ===
import os
from typing import List

@decorator
def greet(name: str) -> str:
    """docstring"""
    return f"hello {name}"

=== tokens ===
"import" source.python keyword.control.import.python
" " source.python
"os" source.python
⏎
"from" source.python keyword.control.import.python
" " source.python
"typing" source.python
" " source.python
"import" source.python keyword.control.import.python
" " source.python
"List" source.python
⏎
⏎
"@" source.python meta.function.decorator.python entity.name.function.decorator.python punctuation.definition.decorator.python
"decorator" source.python meta.function.decorator.python entity.name.function.decorator.python
⏎
"def" source.python meta.function.python storage.type.function.python
" " source.python meta.function.python
"greet" source.python meta.function.python entity.name.function.python
"(" source.python meta.function.python meta.function.parameters.python punctuation.definition.parameters.begin.python
"name" source.python meta.function.python meta.function.parameters.python variable.parameter.function.language.python
":" source.python meta.function.python meta.function.parameters.python punctuation.separator.annotation.python
" " source.python meta.function.python meta.function.parameters.python
"str" source.python meta.function.python meta.function.parameters.python support.type.python
")" source.python meta.function.python meta.function.parameters.python punctuation.definition.parameters.end.python
" " source.python meta.function.python
"->" source.python meta.function.python punctuation.separator.annotation.result.python
" " source.python meta.function.python
"str" source.python meta.function.python support.type.python
":" source.python meta.function.python punctuation.section.function.begin.python
⏎
"    " source.python
"\"\"\"" source.python string.quoted.docstring.multi.python punctuation.definition.string.begin.python
"docstring" source.python string.quoted.docstring.multi.python
"\"\"\"" source.python string.quoted.docstring.multi.python punctuation.definition.string.end.python
⏎
"    " source.python
"return" source.python keyword.control.flow.python
" " source.python
"f" source.python meta.fstring.python string.interpolated.python string.quoted.single.python storage.type.string.python
"\"" source.python meta.fstring.python punctuation.definition.string.begin.python string.interpolated.python string.quoted.single.python
"hello " source.python meta.fstring.python string.interpolated.python string.quoted.single.python
"{" source.python meta.fstring.python constant.character.format.placeholder.other.python
"name" source.python meta.fstring.python
"}" source.python meta.fstring.python constant.character.format.placeholder.other.python
"\"" source.python meta.fstring.python punctuation.definition.string.end.python string.interpolated.python string.quoted.single.python
⏎
