grammar: source.ruby

=== input ===
require "set"

# a comment
class Greeter
  def greet(name)
    "hello #{name}"
  end
end

=== tokens ===
"require" source.ruby meta.require.ruby
" " source.ruby meta.require.ruby
"\"" source.ruby meta.require.ruby string.quoted.double.interpolated.ruby punctuation.definition.string.begin.ruby
"set" source.ruby meta.require.ruby string.quoted.double.interpolated.ruby
"\"" source.ruby meta.require.ruby string.quoted.double.interpolated.ruby punctuation.definition.string.end.ruby
⏎
⏎
"#" source.ruby comment.line.number-sign.ruby punctuation.definition.comment.ruby
" a comment" source.ruby comment.line.number-sign.ruby
⏎
"class" source.ruby meta.class.ruby keyword.control.class.ruby
" " source.ruby meta.class.ruby
"Greeter" source.ruby meta.class.ruby entity.name.type.class.ruby
⏎
"  " source.ruby
"def" source.ruby meta.function.method.with-arguments.ruby keyword.control.def.ruby
" " source.ruby meta.function.method.with-arguments.ruby
"greet" source.ruby meta.function.method.with-arguments.ruby entity.name.function.ruby
"(" source.ruby meta.function.method.with-arguments.ruby punctuation.definition.parameters.ruby
"name" source.ruby meta.function.method.with-arguments.ruby
")" source.ruby meta.function.method.with-arguments.ruby punctuation.definition.parameters.ruby
⏎
"    " source.ruby
"\"" source.ruby string.quoted.double.interpolated.ruby punctuation.definition.string.begin.ruby
"hello " source.ruby string.quoted.double.interpolated.ruby
"#{" source.ruby string.quoted.double.interpolated.ruby meta.embedded.line.ruby punctuation.section.embedded.begin.ruby
"name" source.ruby string.quoted.double.interpolated.ruby meta.embedded.line.ruby
"}" source.ruby string.quoted.double.interpolated.ruby meta.embedded.line.ruby punctuation.section.embedded.end.ruby
"\"" source.ruby string.quoted.double.interpolated.ruby punctuation.definition.string.end.ruby
⏎
"  " source.ruby
"end" source.ruby keyword.control.ruby
⏎
"end" source.ruby keyword.control.ruby
⏎
