grammar: source.rust

=== input ===
use std::collections::HashMap;

/// doc comment
pub fn main() -> Result<(), Box<dyn Error>> {
    let xs: Vec<i32> = vec![1, 2, 3];
    let s = format!("n = {}", xs.len());
    Ok(())
}

=== tokens ===
"use" source.rust meta.use.rust keyword.other.rust
" " source.rust meta.use.rust
"std" source.rust meta.use.rust entity.name.namespace.rust
"::" source.rust meta.use.rust keyword.operator.namespace.rust
"collections" source.rust meta.use.rust entity.name.namespace.rust
"::" source.rust meta.use.rust keyword.operator.namespace.rust
"HashMap" source.rust meta.use.rust entity.name.type.rust
";" source.rust meta.use.rust punctuation.semi.rust
⏎
⏎
"///" source.rust comment.line.documentation.rust punctuation.definition.comment.rust
" doc comment" source.rust comment.line.documentation.rust
⏎
"pub" source.rust keyword.other.rust
" " source.rust
"fn" source.rust meta.function.definition.rust keyword.other.fn.rust
" " source.rust meta.function.definition.rust
"main" source.rust meta.function.definition.rust entity.name.function.rust
"(" source.rust meta.function.definition.rust punctuation.brackets.round.rust
")" source.rust meta.function.definition.rust punctuation.brackets.round.rust
" " source.rust meta.function.definition.rust
"->" source.rust meta.function.definition.rust keyword.operator.arrow.skinny.rust
" " source.rust meta.function.definition.rust
"Result" source.rust meta.function.definition.rust entity.name.type.rust
"<" source.rust meta.function.definition.rust punctuation.brackets.angle.rust
"(" source.rust meta.function.definition.rust punctuation.brackets.round.rust
")" source.rust meta.function.definition.rust punctuation.brackets.round.rust
"," source.rust meta.function.definition.rust punctuation.comma.rust
" " source.rust meta.function.definition.rust
"Box" source.rust meta.function.definition.rust entity.name.type.rust
"<" source.rust meta.function.definition.rust punctuation.brackets.angle.rust
"dyn" source.rust meta.function.definition.rust keyword.other.rust
" " source.rust meta.function.definition.rust
"Error" source.rust meta.function.definition.rust entity.name.type.rust
">" source.rust meta.function.definition.rust punctuation.brackets.angle.rust
">" source.rust meta.function.definition.rust punctuation.brackets.angle.rust
" " source.rust meta.function.definition.rust
"{" source.rust meta.function.definition.rust punctuation.brackets.curly.rust
⏎
"    " source.rust
"let" source.rust keyword.other.rust storage.type.rust
" " source.rust
"xs" source.rust variable.other.rust
":" source.rust keyword.operator.key-value.rust
" " source.rust
"Vec" source.rust entity.name.type.rust
"<" source.rust punctuation.brackets.angle.rust
"i32" source.rust entity.name.type.numeric.rust
">" source.rust punctuation.brackets.angle.rust
" " source.rust
"=" source.rust keyword.operator.assignment.equal.rust
" " source.rust
"vec!" source.rust entity.name.function.macro.rust meta.macro.rust
"[" source.rust punctuation.brackets.square.rust
"1" source.rust constant.numeric.decimal.rust
"," source.rust punctuation.comma.rust
" " source.rust
"2" source.rust constant.numeric.decimal.rust
"," source.rust punctuation.comma.rust
" " source.rust
"3" source.rust constant.numeric.decimal.rust
"]" source.rust punctuation.brackets.square.rust
";" source.rust punctuation.semi.rust
⏎
"    " source.rust
"let" source.rust keyword.other.rust storage.type.rust
" " source.rust
"s" source.rust variable.other.rust
" " source.rust
"=" source.rust keyword.operator.assignment.equal.rust
" " source.rust
"format!" source.rust entity.name.function.macro.rust meta.macro.rust
"(" source.rust punctuation.brackets.round.rust
"\"" source.rust string.quoted.double.rust punctuation.definition.string.rust
"n = " source.rust string.quoted.double.rust
"{" source.rust string.quoted.double.rust meta.interpolation.rust punctuation.definition.interpolation.rust
"}" source.rust string.quoted.double.rust meta.interpolation.rust punctuation.definition.interpolation.rust
"\"" source.rust string.quoted.double.rust punctuation.definition.string.rust
"," source.rust punctuation.comma.rust
" " source.rust
"xs" source.rust variable.other.rust
"." source.rust keyword.operator.access.dot.rust
"len" source.rust meta.function.call.rust entity.name.function.rust
"(" source.rust meta.function.call.rust punctuation.brackets.round.rust
")" source.rust meta.function.call.rust punctuation.brackets.round.rust
")" source.rust punctuation.brackets.round.rust
";" source.rust punctuation.semi.rust
⏎
"    " source.rust
"Ok" source.rust entity.name.type.result.rust
"(" source.rust punctuation.brackets.round.rust
"(" source.rust punctuation.brackets.round.rust
")" source.rust punctuation.brackets.round.rust
")" source.rust punctuation.brackets.round.rust
⏎
"}" source.rust punctuation.brackets.curly.rust
⏎
