grammar: source.shell

=== input ===
#!/bin/bash
set -euo pipefail
NAME="world"
echo "hello ${NAME}"
for f in *.rs; do
  echo "$f"
done

=== tokens ===
"#!" source.shell comment.line.number-sign.shell meta.shebang.shell punctuation.definition.comment.shebang.shell
"/bin/bash" source.shell comment.line.number-sign.shell meta.shebang.shell
⏎
"set" source.shell meta.statement.shell meta.statement.command.shell meta.statement.command.name.shell entity.name.function.call.shell entity.name.command.shell support.function.builtin.shell
" " source.shell meta.statement.shell meta.statement.command.shell
"-" source.shell meta.statement.shell meta.statement.command.shell string.unquoted.argument.shell constant.other.option.dash.shell
"euo" source.shell meta.statement.shell meta.statement.command.shell
" " source.shell meta.statement.shell meta.statement.command.shell meta.argument.shell
"pipefail" source.shell meta.statement.shell meta.statement.command.shell meta.argument.shell string.unquoted.argument.shell
⏎
"NAME" source.shell meta.expression.assignment.shell variable.other.assignment.shell
"=" source.shell meta.expression.assignment.shell keyword.operator.assignment.shell
"\"" source.shell meta.expression.assignment.shell string.quoted.double.shell punctuation.definition.string.begin.shell
"world" source.shell meta.expression.assignment.shell string.quoted.double.shell
"\"" source.shell meta.expression.assignment.shell string.quoted.double.shell punctuation.definition.string.end.shell
⏎
"echo" source.shell meta.statement.shell meta.statement.command.shell meta.statement.command.name.shell entity.name.function.call.shell entity.name.command.shell support.function.builtin.shell
" " source.shell meta.statement.shell meta.statement.command.shell meta.argument.shell
"\"" source.shell meta.statement.shell meta.statement.command.shell meta.argument.shell string.quoted.double.shell punctuation.definition.string.begin.shell
"hello " source.shell meta.statement.shell meta.statement.command.shell meta.argument.shell string.quoted.double.shell
"$" source.shell meta.statement.shell meta.statement.command.shell meta.argument.shell string.quoted.double.shell punctuation.definition.variable.shell
"{" source.shell meta.statement.shell meta.statement.command.shell meta.argument.shell string.quoted.double.shell punctuation.section.bracket.curly.variable.begin.shell punctuation.definition.variable.shell
"NAME" source.shell meta.statement.shell meta.statement.command.shell meta.argument.shell string.quoted.double.shell variable.other.normal.shell
"}" source.shell meta.statement.shell meta.statement.command.shell meta.argument.shell string.quoted.double.shell punctuation.section.bracket.curly.variable.end.shell punctuation.definition.variable.shell
"\"" source.shell meta.statement.shell meta.statement.command.shell meta.argument.shell string.quoted.double.shell punctuation.definition.string.end.shell
⏎
"for" source.shell meta.for.in.shell keyword.control.for.shell
" " source.shell meta.for.in.shell
"f" source.shell meta.for.in.shell variable.other.for.shell
" " source.shell meta.for.in.shell
"in" source.shell meta.for.in.shell keyword.control.in.shell
" " source.shell meta.for.in.shell
"*" source.shell meta.for.in.shell string.unquoted.shell
"." source.shell meta.for.in.shell string.unquoted.shell
"r" source.shell meta.for.in.shell string.unquoted.shell
"s" source.shell meta.for.in.shell string.unquoted.shell
";" source.shell punctuation.terminator.statement.semicolon.shell
" " source.shell meta.statement.shell
"do" source.shell meta.statement.shell keyword.control.do.shell
⏎
"  " source.shell meta.statement.shell
"echo" source.shell meta.statement.shell meta.statement.command.shell meta.statement.command.name.shell entity.name.function.call.shell entity.name.command.shell support.function.builtin.shell
" " source.shell meta.statement.shell meta.statement.command.shell meta.argument.shell
"\"" source.shell meta.statement.shell meta.statement.command.shell meta.argument.shell string.quoted.double.shell punctuation.definition.string.begin.shell
"$" source.shell meta.statement.shell meta.statement.command.shell meta.argument.shell string.quoted.double.shell punctuation.definition.variable.shell variable.other.normal.shell
"f" source.shell meta.statement.shell meta.statement.command.shell meta.argument.shell string.quoted.double.shell variable.other.normal.shell
"\"" source.shell meta.statement.shell meta.statement.command.shell meta.argument.shell string.quoted.double.shell punctuation.definition.string.end.shell
⏎
"done" source.shell keyword.control.done.shell
⏎
