grammar: source.sql

=== input ===
-- a query
SELECT id, name
FROM users
WHERE age > 18
ORDER BY name DESC;

=== tokens ===
"--" source.sql comment.line.double-dash.sql punctuation.definition.comment.sql
" a query" source.sql comment.line.double-dash.sql
⏎
"SELECT" source.sql keyword.other.DML.sql
" id, " source.sql
"name" source.sql keyword.other.sql
⏎
"FROM" source.sql keyword.other.DML.sql
" users" source.sql
⏎
"WHERE" source.sql keyword.other.DML.sql
" age " source.sql
">" source.sql keyword.operator.comparison.sql
" " source.sql
"18" source.sql constant.numeric.sql
⏎
"ORDER BY" source.sql keyword.other.DML.sql
" " source.sql
"name" source.sql keyword.other.sql
" " source.sql
"DESC" source.sql keyword.other.order.sql
";" source.sql
⏎
