grammar: source.swift

=== input ===
import Foundation

struct Greeter {
    let name: String
    func greet() -> String {
        return "hello \(name)"
    }
}

=== tokens ===
"import" source.swift meta.import.swift keyword.control.import.swift
" " source.swift meta.import.swift
"Foundation" source.swift meta.import.swift entity.name.type.swift
⏎
⏎
"struct" source.swift meta.definition.type.struct.swift storage.type.struct.swift
" " source.swift meta.definition.type.struct.swift
"Greeter" source.swift meta.definition.type.struct.swift entity.name.type.struct.swift
" " source.swift meta.definition.type.struct.swift
"{" source.swift meta.definition.type.struct.swift meta.definition.type.body.swift punctuation.definition.type.begin.swift
⏎
"    " source.swift meta.definition.type.struct.swift meta.definition.type.body.swift
"let" source.swift meta.definition.type.struct.swift meta.definition.type.body.swift keyword.other.declaration-specifier.swift
" name:" source.swift meta.definition.type.struct.swift meta.definition.type.body.swift
" " source.swift meta.definition.type.struct.swift meta.definition.type.body.swift
"String" source.swift meta.definition.type.struct.swift meta.definition.type.body.swift support.type.swift
⏎
"    " source.swift meta.definition.type.struct.swift meta.definition.type.body.swift
"func" source.swift meta.definition.type.struct.swift meta.definition.type.body.swift storage.type.function.swift
" " source.swift meta.definition.type.struct.swift meta.definition.type.body.swift
"greet" source.swift meta.definition.type.struct.swift meta.definition.type.body.swift meta.function-call.swift support.function.any-method.swift
"(" source.swift meta.definition.type.struct.swift meta.definition.type.body.swift meta.function-call.swift punctuation.definition.arguments.begin.swift
")" source.swift meta.definition.type.struct.swift meta.definition.type.body.swift meta.function-call.swift punctuation.definition.arguments.end.swift
" -> " source.swift meta.definition.type.struct.swift meta.definition.type.body.swift
"String" source.swift meta.definition.type.struct.swift meta.definition.type.body.swift support.type.swift
" " source.swift meta.definition.type.struct.swift meta.definition.type.body.swift
"{" source.swift meta.definition.type.struct.swift meta.definition.type.body.swift punctuation.section.scope.begin.swift
⏎
"        " source.swift meta.definition.type.struct.swift meta.definition.type.body.swift
"return" source.swift meta.definition.type.struct.swift meta.definition.type.body.swift keyword.control.transfer.swift
" " source.swift meta.definition.type.struct.swift meta.definition.type.body.swift
"\"" source.swift meta.definition.type.struct.swift meta.definition.type.body.swift string.quoted.double.single-line.swift punctuation.definition.string.begin.swift
"hello " source.swift meta.definition.type.struct.swift meta.definition.type.body.swift string.quoted.double.single-line.swift
"\\(" source.swift meta.definition.type.struct.swift meta.definition.type.body.swift string.quoted.double.single-line.swift meta.embedded.line.swift punctuation.section.embedded.begin.swift
"name" source.swift meta.definition.type.struct.swift meta.definition.type.body.swift string.quoted.double.single-line.swift meta.embedded.line.swift
")" source.swift meta.definition.type.struct.swift meta.definition.type.body.swift string.quoted.double.single-line.swift meta.embedded.line.swift punctuation.section.embedded.end.swift
"\"" source.swift meta.definition.type.struct.swift meta.definition.type.body.swift string.quoted.double.single-line.swift punctuation.definition.string.end.swift
⏎
"    " source.swift meta.definition.type.struct.swift meta.definition.type.body.swift
"}" source.swift meta.definition.type.struct.swift meta.definition.type.body.swift punctuation.section.scope.end.swift
⏎
"}" source.swift meta.definition.type.struct.swift meta.definition.type.body.swift punctuation.definition.type.end.swift
⏎
