grammar: source.tsx

=== input ===
type Props = { count: number };
const C: React.FC<Props> = ({ count }) => {
  return <span title="c">{count}</span>;
};

=== tokens ===
"type" source.tsx meta.type.declaration.tsx storage.type.type.tsx
" " source.tsx meta.type.declaration.tsx
"Props" source.tsx meta.type.declaration.tsx entity.name.type.alias.tsx
" " source.tsx meta.type.declaration.tsx
"=" source.tsx meta.type.declaration.tsx keyword.operator.assignment.tsx
" " source.tsx meta.type.declaration.tsx
"{" source.tsx meta.type.declaration.tsx meta.object.type.tsx punctuation.definition.block.tsx
" " source.tsx meta.type.declaration.tsx meta.object.type.tsx meta.field.declaration.tsx
"count" source.tsx meta.type.declaration.tsx meta.object.type.tsx meta.field.declaration.tsx meta.definition.property.tsx variable.object.property.tsx
":" source.tsx meta.type.declaration.tsx meta.object.type.tsx meta.field.declaration.tsx meta.type.annotation.tsx keyword.operator.type.annotation.tsx
" " source.tsx meta.type.declaration.tsx meta.object.type.tsx meta.field.declaration.tsx meta.type.annotation.tsx
"number" source.tsx meta.type.declaration.tsx meta.object.type.tsx meta.field.declaration.tsx meta.type.annotation.tsx support.type.primitive.tsx
" " source.tsx meta.type.declaration.tsx meta.object.type.tsx meta.field.declaration.tsx meta.type.annotation.tsx
"}" source.tsx meta.type.declaration.tsx meta.object.type.tsx punctuation.definition.block.tsx
";" source.tsx punctuation.terminator.statement.tsx
⏎
"const" source.tsx meta.var.expr.tsx storage.type.tsx
" " source.tsx meta.var.expr.tsx
"C" source.tsx meta.var.expr.tsx meta.var-single-variable.expr.tsx meta.definition.variable.tsx variable.other.constant.tsx entity.name.function.tsx
":" source.tsx meta.var.expr.tsx meta.var-single-variable.expr.tsx meta.type.annotation.tsx keyword.operator.type.annotation.tsx
" " source.tsx meta.var.expr.tsx meta.var-single-variable.expr.tsx meta.type.annotation.tsx
"React" source.tsx meta.var.expr.tsx meta.var-single-variable.expr.tsx meta.type.annotation.tsx entity.name.type.module.tsx
"." source.tsx meta.var.expr.tsx meta.var-single-variable.expr.tsx meta.type.annotation.tsx punctuation.accessor.tsx
"FC" source.tsx meta.var.expr.tsx meta.var-single-variable.expr.tsx meta.type.annotation.tsx entity.name.type.tsx
"<" source.tsx meta.var.expr.tsx meta.var-single-variable.expr.tsx meta.type.annotation.tsx meta.type.parameters.tsx punctuation.definition.typeparameters.begin.tsx
"Props" source.tsx meta.var.expr.tsx meta.var-single-variable.expr.tsx meta.type.annotation.tsx entity.name.type.tsx
">" source.tsx meta.var.expr.tsx meta.var-single-variable.expr.tsx meta.type.annotation.tsx meta.type.parameters.tsx punctuation.definition.typeparameters.end.tsx
" " source.tsx meta.var.expr.tsx meta.var-single-variable.expr.tsx meta.type.annotation.tsx
"=" source.tsx meta.var.expr.tsx keyword.operator.assignment.tsx
" " source.tsx meta.var.expr.tsx meta.arrow.tsx
"(" source.tsx meta.var.expr.tsx meta.arrow.tsx meta.parameters.tsx punctuation.definition.parameters.begin.tsx
"{" source.tsx meta.var.expr.tsx meta.arrow.tsx meta.parameters.tsx meta.parameter.object-binding-pattern.tsx punctuation.definition.binding-pattern.object.tsx
" " source.tsx meta.var.expr.tsx meta.arrow.tsx meta.parameters.tsx meta.parameter.object-binding-pattern.tsx
"count" source.tsx meta.var.expr.tsx meta.arrow.tsx meta.parameters.tsx meta.parameter.object-binding-pattern.tsx variable.parameter.tsx
" " source.tsx meta.var.expr.tsx meta.arrow.tsx meta.parameters.tsx meta.parameter.object-binding-pattern.tsx
"}" source.tsx meta.var.expr.tsx meta.arrow.tsx meta.parameters.tsx meta.parameter.object-binding-pattern.tsx punctuation.definition.binding-pattern.object.tsx
")" source.tsx meta.var.expr.tsx meta.arrow.tsx meta.parameters.tsx punctuation.definition.parameters.end.tsx
" " source.tsx meta.var.expr.tsx meta.arrow.tsx
"=>" source.tsx meta.var.expr.tsx meta.arrow.tsx storage.type.function.arrow.tsx
" " source.tsx meta.var.expr.tsx meta.arrow.tsx
"{" source.tsx meta.var.expr.tsx meta.arrow.tsx meta.block.tsx punctuation.definition.block.tsx
⏎
"  " source.tsx meta.var.expr.tsx meta.arrow.tsx meta.block.tsx
"return" source.tsx meta.var.expr.tsx meta.arrow.tsx meta.block.tsx keyword.control.flow.tsx
" " source.tsx meta.var.expr.tsx meta.arrow.tsx meta.block.tsx
"<" source.tsx meta.var.expr.tsx meta.arrow.tsx meta.block.tsx meta.tag.tsx punctuation.definition.tag.begin.tsx
"span" source.tsx meta.var.expr.tsx meta.arrow.tsx meta.block.tsx meta.tag.tsx entity.name.tag.tsx
" " source.tsx meta.var.expr.tsx meta.arrow.tsx meta.block.tsx meta.tag.tsx meta.tag.attributes.tsx
"title" source.tsx meta.var.expr.tsx meta.arrow.tsx meta.block.tsx meta.tag.tsx meta.tag.attributes.tsx entity.other.attribute-name.tsx
"=" source.tsx meta.var.expr.tsx meta.arrow.tsx meta.block.tsx meta.tag.tsx meta.tag.attributes.tsx keyword.operator.assignment.tsx
"\"" source.tsx meta.var.expr.tsx meta.arrow.tsx meta.block.tsx meta.tag.tsx meta.tag.attributes.tsx string.quoted.double.tsx punctuation.definition.string.begin.tsx
"c" source.tsx meta.var.expr.tsx meta.arrow.tsx meta.block.tsx meta.tag.tsx meta.tag.attributes.tsx string.quoted.double.tsx
"\"" source.tsx meta.var.expr.tsx meta.arrow.tsx meta.block.tsx meta.tag.tsx meta.tag.attributes.tsx string.quoted.double.tsx punctuation.definition.string.end.tsx
">" source.tsx meta.var.expr.tsx meta.arrow.tsx meta.block.tsx meta.tag.tsx punctuation.definition.tag.end.tsx
"{" source.tsx meta.var.expr.tsx meta.arrow.tsx meta.block.tsx meta.tag.tsx punctuation.section.embedded.begin.tsx
"count" source.tsx meta.var.expr.tsx meta.arrow.tsx meta.block.tsx meta.tag.tsx variable.other.readwrite.tsx
"}" source.tsx meta.var.expr.tsx meta.arrow.tsx meta.block.tsx meta.tag.tsx punctuation.section.embedded.end.tsx
"</" source.tsx meta.var.expr.tsx meta.arrow.tsx meta.block.tsx meta.tag.tsx punctuation.definition.tag.begin.tsx
"span" source.tsx meta.var.expr.tsx meta.arrow.tsx meta.block.tsx meta.tag.tsx entity.name.tag.tsx
">" source.tsx meta.var.expr.tsx meta.arrow.tsx meta.block.tsx meta.tag.tsx punctuation.definition.tag.end.tsx
";" source.tsx meta.var.expr.tsx meta.arrow.tsx meta.block.tsx punctuation.terminator.statement.tsx
⏎
"}" source.tsx meta.var.expr.tsx meta.arrow.tsx meta.block.tsx punctuation.definition.block.tsx
";" source.tsx punctuation.terminator.statement.tsx
⏎
