grammar: text.html.vue

=== input ===
<template>
  <div class="app">{{ msg }}</div>
</template>

<script setup lang="ts">
const msg: string = "hello"
</script>

<style scoped>
.app { color: red; }
</style>

=== tokens ===
"<" text.html.vue keyword.operator.relational.ts
"template" text.html.vue variable.other.readwrite.ts
">" text.html.vue keyword.operator.relational.ts
⏎
"  " text.html.vue
"<" text.html.vue keyword.operator.relational.ts
"div" text.html.vue variable.other.readwrite.ts
" " text.html.vue
"class" text.html.vue variable.other.readwrite.ts
"=" text.html.vue keyword.operator.assignment.ts
"\"" text.html.vue string.quoted.double.ts punctuation.definition.string.begin.ts
"app" text.html.vue string.quoted.double.ts variable.other.readwrite.ts
"\"" text.html.vue string.quoted.double.ts punctuation.definition.string.end.ts
">" text.html.vue keyword.operator.relational.ts
"{{" text.html.vue punctuation.definition.block.ts
" " text.html.vue
"msg" text.html.vue variable.other.readwrite.ts
" " text.html.vue
"}}" text.html.vue punctuation.definition.block.ts
"<" text.html.vue keyword.operator.relational.ts
"/" text.html.vue keyword.operator.arithmetic.ts
"div" text.html.vue variable.other.readwrite.ts
">" text.html.vue keyword.operator.relational.ts
⏎
"<" text.html.vue keyword.operator.relational.ts
"/" text.html.vue keyword.operator.arithmetic.ts
"template" text.html.vue variable.other.readwrite.ts
">" text.html.vue keyword.operator.relational.ts
⏎
⏎
"<" text.html.vue keyword.operator.relational.ts
"script" text.html.vue variable.other.readwrite.ts
" " text.html.vue
"setup" text.html.vue variable.other.readwrite.ts
" " text.html.vue
"lang" text.html.vue variable.other.readwrite.ts
"=" text.html.vue keyword.operator.assignment.ts
"\"" text.html.vue string.quoted.double.ts punctuation.definition.string.begin.ts
"ts" text.html.vue string.quoted.double.ts variable.other.readwrite.ts
"\"" text.html.vue string.quoted.double.ts punctuation.definition.string.end.ts
">" text.html.vue keyword.operator.relational.ts
⏎
"const" text.html.vue variable.other.readwrite.ts
" " text.html.vue
"msg" text.html.vue variable.other.readwrite.ts
": " text.html.vue
"string" text.html.vue variable.other.readwrite.ts
" " text.html.vue
"=" text.html.vue keyword.operator.assignment.ts
" " text.html.vue
"\"" text.html.vue string.quoted.double.ts punctuation.definition.string.begin.ts
"hello" text.html.vue string.quoted.double.ts variable.other.readwrite.ts
"\"" text.html.vue string.quoted.double.ts punctuation.definition.string.end.ts
⏎
"<" text.html.vue keyword.operator.relational.ts
"/" text.html.vue keyword.operator.arithmetic.ts
"script" text.html.vue variable.other.readwrite.ts
">" text.html.vue keyword.operator.relational.ts
⏎
⏎
"<" text.html.vue keyword.operator.relational.ts
"style" text.html.vue variable.other.readwrite.ts
" " text.html.vue
"scoped" text.html.vue variable.other.readwrite.ts
">" text.html.vue keyword.operator.relational.ts
⏎
"." text.html.vue punctuation.accessor.ts
"app" text.html.vue variable.other.property.ts
" { " text.html.vue
"color" text.html.vue variable.other.readwrite.ts
": " text.html.vue
"red" text.html.vue variable.other.readwrite.ts
";" text.html.vue punctuation.terminator.statement.ts
" }" text.html.vue
⏎
"<" text.html.vue keyword.operator.relational.ts
"/" text.html.vue keyword.operator.arithmetic.ts
"style" text.html.vue variable.other.readwrite.ts
">" text.html.vue keyword.operator.relational.ts
⏎
