grammar: text.xml

=== input ===
<?xml version="1.0"?>
<root attr="v">
  <!-- comment -->
  <item>text</item>
</root>

=== tokens ===
"<?xml" text.xml meta.tag.preprocessor.xml
" version" text.xml meta.tag.preprocessor.xml entity.other.attribute-name.xml
"=" text.xml meta.tag.preprocessor.xml
"\"" text.xml meta.tag.preprocessor.xml string.quoted.double.xml punctuation.definition.string.begin.xml
"1" text.xml meta.tag.preprocessor.xml string.quoted.double.xml
"." text.xml meta.tag.preprocessor.xml string.quoted.double.xml meta.attribute.directive.vue punctuation.attribute-shorthand.bind.html.vue
"0" text.xml meta.tag.preprocessor.xml string.quoted.double.xml meta.attribute.directive.vue entity.other.attribute-name.html.vue
"\"" text.xml meta.tag.preprocessor.xml string.quoted.double.xml punctuation.definition.string.end.xml
"?>" text.xml meta.tag.preprocessor.xml
⏎
"<root" text.xml meta.tag.xml
" " text.xml meta.tag.xml
"attr" text.xml meta.tag.xml entity.other.attribute-name.localname.xml
"=" text.xml meta.tag.xml
"\"" text.xml meta.tag.xml string.quoted.double.xml punctuation.definition.string.begin.xml
"v" text.xml meta.tag.xml string.quoted.double.xml
"\"" text.xml meta.tag.xml string.quoted.double.xml punctuation.definition.string.end.xml
">" text.xml meta.tag.xml
⏎
"  " text.xml
"<!--" text.xml comment.block.xml
" comment " text.xml comment.block.xml
"-->" text.xml comment.block.xml
⏎
"  " text.xml
"<item" text.xml meta.tag.xml
">" text.xml meta.tag.xml
"text" text.xml
"</item" text.xml meta.tag.xml
">" text.xml meta.tag.xml
⏎
"</root" text.xml meta.tag.xml
">" text.xml meta.tag.xml
⏎
