grammar: source.yaml

=== input ===
name: jaune
version: 0.1.0
deps:
  - serde
  - fancy-regex
nested: { a: 1, b: true }

=== tokens ===
"n" source.yaml string.unquoted.plain.out.yaml entity.name.tag.yaml
"ame" source.yaml string.unquoted.plain.out.yaml
":" source.yaml punctuation.separator.key-value.mapping.yaml
" " source.yaml
"j" source.yaml string.unquoted.plain.out.yaml
"aune" source.yaml string.unquoted.plain.out.yaml
⏎
"v" source.yaml string.unquoted.plain.out.yaml entity.name.tag.yaml
"ersion" source.yaml string.unquoted.plain.out.yaml
":" source.yaml punctuation.separator.key-value.mapping.yaml
" " source.yaml
"0.1.0" source.yaml constant.numeric.float.yaml
⏎
"d" source.yaml string.unquoted.plain.out.yaml entity.name.tag.yaml
"eps" source.yaml string.unquoted.plain.out.yaml
":" source.yaml punctuation.separator.key-value.mapping.yaml
⏎
"  " source.yaml
"-" source.yaml punctuation.definition.block.sequence.item.yaml
" " source.yaml
"s" source.yaml string.unquoted.plain.out.yaml
"erde" source.yaml string.unquoted.plain.out.yaml
⏎
"  " source.yaml
"-" source.yaml punctuation.definition.block.sequence.item.yaml
" " source.yaml
"f" source.yaml string.unquoted.plain.out.yaml
"ancy-regex" source.yaml string.unquoted.plain.out.yaml
⏎
"n" source.yaml string.unquoted.plain.out.yaml entity.name.tag.yaml
"ested" source.yaml string.unquoted.plain.out.yaml
":" source.yaml punctuation.separator.key-value.mapping.yaml
" " source.yaml
"{" source.yaml meta.flow-mapping.yaml punctuation.definition.mapping.begin.yaml
" " source.yaml meta.flow-mapping.yaml
"a" source.yaml meta.flow-mapping.yaml meta.flow-pair.key.yaml string.unquoted.plain.in.yaml entity.name.tag.yaml
":" source.yaml meta.flow-mapping.yaml meta.flow-pair.yaml
" " source.yaml meta.flow-mapping.yaml meta.flow-pair.yaml meta.flow-pair.value.yaml
"1" source.yaml meta.flow-mapping.yaml meta.flow-pair.yaml meta.flow-pair.value.yaml constant.numeric.integer.yaml
"," source.yaml meta.flow-mapping.yaml punctuation.separator.mapping.yaml
" " source.yaml meta.flow-mapping.yaml
"b" source.yaml meta.flow-mapping.yaml meta.flow-pair.key.yaml string.unquoted.plain.in.yaml entity.name.tag.yaml
":" source.yaml meta.flow-mapping.yaml meta.flow-pair.yaml
" " source.yaml meta.flow-mapping.yaml meta.flow-pair.yaml meta.flow-pair.value.yaml
"true" source.yaml meta.flow-mapping.yaml meta.flow-pair.yaml meta.flow-pair.value.yaml constant.language.boolean.yaml
" " source.yaml meta.flow-mapping.yaml meta.flow-pair.yaml meta.flow-pair.value.yaml
"}" source.yaml meta.flow-mapping.yaml punctuation.definition.mapping.end.yaml
⏎
